Archive member included because of file (symbol)

c:/users/user/downloads/imt_sdk_win_64/winavr/bin/../lib/gcc/avr/4.3.3/avr5\libgcc.a(_exit.o)
                              c:/users/user/downloads/imt_sdk_win_64/winavr/bin/../lib/gcc/avr/4.3.3/../../../../avr/lib/avr5/crtm32.o (exit)
c:/users/user/downloads/imt_sdk_win_64/winavr/bin/../lib/gcc/avr/4.3.3/avr5\libgcc.a(_clear_bss.o)
                              ./timer_prog.o (__do_clear_bss)

Allocating common symbols
Common symbol       size              file

call_back_compare   0x2               ./timer_prog.o
call_back_OV_F      0x2               ./timer_prog.o
counter             0x1               ./timer_prog.o

Memory Configuration

Name             Origin             Length             Attributes
text             0x00000000         0x00020000         xr
data             0x00800060         0x0000ffa0         rw !x
eeprom           0x00810000         0x00010000         rw !x
fuse             0x00820000         0x00000400         rw !x
lock             0x00830000         0x00000400         rw !x
signature        0x00840000         0x00000400         rw !x
*default*        0x00000000         0xffffffff

Linker script and memory map

LOAD c:/users/user/downloads/imt_sdk_win_64/winavr/bin/../lib/gcc/avr/4.3.3/../../../../avr/lib/avr5/crtm32.o
LOAD ./MCAL/DIO_prog.o
LOAD ./main.o
LOAD ./timer_prog.o
LOAD c:/users/user/downloads/imt_sdk_win_64/winavr/bin/../lib/gcc/avr/4.3.3/avr5\libgcc.a
LOAD c:/users/user/downloads/imt_sdk_win_64/winavr/bin/../lib/gcc/avr/4.3.3/../../../../avr/lib/avr5\libc.a
LOAD c:/users/user/downloads/imt_sdk_win_64/winavr/bin/../lib/gcc/avr/4.3.3/avr5\libgcc.a

.hash
 *(.hash)

.dynsym
 *(.dynsym)

.dynstr
 *(.dynstr)

.gnu.version
 *(.gnu.version)

.gnu.version_d
 *(.gnu.version_d)

.gnu.version_r
 *(.gnu.version_r)

.rel.init
 *(.rel.init)

.rela.init
 *(.rela.init)

.rel.text
 *(.rel.text)
 *(.rel.text.*)
 *(.rel.gnu.linkonce.t*)

.rela.text
 *(.rela.text)
 *(.rela.text.*)
 *(.rela.gnu.linkonce.t*)

.rel.fini
 *(.rel.fini)

.rela.fini
 *(.rela.fini)

.rel.rodata
 *(.rel.rodata)
 *(.rel.rodata.*)
 *(.rel.gnu.linkonce.r*)

.rela.rodata
 *(.rela.rodata)
 *(.rela.rodata.*)
 *(.rela.gnu.linkonce.r*)

.rel.data
 *(.rel.data)
 *(.rel.data.*)
 *(.rel.gnu.linkonce.d*)

.rela.data
 *(.rela.data)
 *(.rela.data.*)
 *(.rela.gnu.linkonce.d*)

.rel.ctors
 *(.rel.ctors)

.rela.ctors
 *(.rela.ctors)

.rel.dtors
 *(.rel.dtors)

.rela.dtors
 *(.rela.dtors)

.rel.got
 *(.rel.got)

.rela.got
 *(.rela.got)

.rel.bss
 *(.rel.bss)

.rela.bss
 *(.rela.bss)

.rel.plt
 *(.rel.plt)

.rela.plt
 *(.rela.plt)

.text           0x00000000      0xcaa
 *(.vectors)
 .vectors       0x00000000       0x54 c:/users/user/downloads/imt_sdk_win_64/winavr/bin/../lib/gcc/avr/4.3.3/../../../../avr/lib/avr5/crtm32.o
                0x00000000                __vectors
                0x00000000                __vector_default
 *(.vectors)
 *(.progmem.gcc*)
 *(.progmem*)
                0x00000054                . = ALIGN (0x2)
                0x00000054                __trampolines_start = .
 *(.trampolines)
 .trampolines   0x00000054        0x0 linker stubs
 *(.trampolines*)
                0x00000054                __trampolines_end = .
 *(.jumptables)
 *(.jumptables*)
 *(.lowtext)
 *(.lowtext*)
                0x00000054                __ctors_start = .
 *(.ctors)
                0x00000054                __ctors_end = .
                0x00000054                __dtors_start = .
 *(.dtors)
                0x00000054                __dtors_end = .
 SORT(*)(.ctors)
 SORT(*)(.dtors)
 *(.init0)
 .init0         0x00000054        0x0 c:/users/user/downloads/imt_sdk_win_64/winavr/bin/../lib/gcc/avr/4.3.3/../../../../avr/lib/avr5/crtm32.o
                0x00000054                __init
 *(.init0)
 *(.init1)
 *(.init1)
 *(.init2)
 .init2         0x00000054        0xc c:/users/user/downloads/imt_sdk_win_64/winavr/bin/../lib/gcc/avr/4.3.3/../../../../avr/lib/avr5/crtm32.o
 *(.init2)
 *(.init3)
 *(.init3)
 *(.init4)
 .init4         0x00000060       0x10 c:/users/user/downloads/imt_sdk_win_64/winavr/bin/../lib/gcc/avr/4.3.3/avr5\libgcc.a(_clear_bss.o)
                0x00000060                __do_clear_bss
 *(.init4)
 *(.init5)
 *(.init5)
 *(.init6)
 *(.init6)
 *(.init7)
 *(.init7)
 *(.init8)
 *(.init8)
 *(.init9)
 .init9         0x00000070        0x8 c:/users/user/downloads/imt_sdk_win_64/winavr/bin/../lib/gcc/avr/4.3.3/../../../../avr/lib/avr5/crtm32.o
 *(.init9)
 *(.text)
 .text          0x00000078        0x4 c:/users/user/downloads/imt_sdk_win_64/winavr/bin/../lib/gcc/avr/4.3.3/../../../../avr/lib/avr5/crtm32.o
                0x00000078                __vector_1
                0x00000078                __vector_12
                0x00000078                __bad_interrupt
                0x00000078                __vector_6
                0x00000078                __vector_3
                0x00000078                __vector_13
                0x00000078                __vector_17
                0x00000078                __vector_19
                0x00000078                __vector_7
                0x00000078                __vector_5
                0x00000078                __vector_4
                0x00000078                __vector_9
                0x00000078                __vector_2
                0x00000078                __vector_15
                0x00000078                __vector_8
                0x00000078                __vector_14
                0x00000078                __vector_16
                0x00000078                __vector_18
                0x00000078                __vector_20
 .text          0x0000007c        0x0 ./MCAL/DIO_prog.o
 .text          0x0000007c        0x0 ./main.o
 .text          0x0000007c        0x0 ./timer_prog.o
 .text          0x0000007c        0x0 c:/users/user/downloads/imt_sdk_win_64/winavr/bin/../lib/gcc/avr/4.3.3/avr5\libgcc.a(_exit.o)
 .text          0x0000007c        0x0 c:/users/user/downloads/imt_sdk_win_64/winavr/bin/../lib/gcc/avr/4.3.3/avr5\libgcc.a(_clear_bss.o)
                0x0000007c                . = ALIGN (0x2)
 *(.text.*)
 .text.DIO_enuInit
                0x0000007c       0x54 ./MCAL/DIO_prog.o
                0x0000007c                DIO_enuInit
 .text.DIO_enuSetportdir
                0x000000d0       0x9a ./MCAL/DIO_prog.o
                0x000000d0                DIO_enuSetportdir
 .text.DIO_enuSetportval
                0x0000016a       0x9a ./MCAL/DIO_prog.o
                0x0000016a                DIO_enuSetportval
 .text.DIO_enuSetpindir
                0x00000204      0x1e0 ./MCAL/DIO_prog.o
                0x00000204                DIO_enuSetpindir
 .text.DIO_enuSetpinval
                0x000003e4      0x1d8 ./MCAL/DIO_prog.o
                0x000003e4                DIO_enuSetpinval
 .text.DIO_enutogport
                0x000005bc       0xae ./MCAL/DIO_prog.o
                0x000005bc                DIO_enutogport
 .text.DIO_enutogpin
                0x0000066a      0x11a ./MCAL/DIO_prog.o
                0x0000066a                DIO_enutogpin
 .text.DIO_enugetportval
                0x00000784       0xbc ./MCAL/DIO_prog.o
                0x00000784                DIO_enugetportval
 .text.DIO_enugetpinval
                0x00000840      0x13a ./MCAL/DIO_prog.o
                0x00000840                DIO_enugetpinval
 .text.ISR_func
                0x0000097a       0x14 ./main.o
                0x0000097a                ISR_func
 .text.main     0x0000098e       0x74 ./main.o
                0x0000098e                main
 .text.timer0_init
                0x00000a02       0x84 ./timer_prog.o
                0x00000a02                timer0_init
 .text.timer0_stop
                0x00000a86       0x24 ./timer_prog.o
                0x00000a86                timer0_stop
 .text.timer0_set_compare_val
                0x00000aaa       0x22 ./timer_prog.o
                0x00000aaa                timer0_set_compare_val
 .text.timer0_get_compare_val
                0x00000acc       0x2c ./timer_prog.o
                0x00000acc                timer0_get_compare_val
 .text.timer0_set_counter_val
                0x00000af8       0x22 ./timer_prog.o
                0x00000af8                timer0_set_counter_val
 .text.timer0_get_counter_val
                0x00000b1a       0x2c ./timer_prog.o
                0x00000b1a                timer0_get_counter_val
 .text.timer0_set_OV_F_val
                0x00000b46       0x20 ./timer_prog.o
                0x00000b46                timer0_set_OV_F_val
 .text.timer0_get_OV_F_val
                0x00000b66       0x2a ./timer_prog.o
                0x00000b66                timer0_get_OV_F_val
 .text.timer0_call_back_OV_F_INT
                0x00000b90       0x2c ./timer_prog.o
                0x00000b90                timer0_call_back_OV_F_INT
 .text.timer0_call_back_compare_INT
                0x00000bbc       0x2c ./timer_prog.o
                0x00000bbc                timer0_call_back_compare_INT
 .text.__vector_11
                0x00000be8       0x64 ./timer_prog.o
                0x00000be8                __vector_11
 .text.__vector_10
                0x00000c4c       0x5a ./timer_prog.o
                0x00000c4c                __vector_10
 .text.libgcc   0x00000ca6        0x0 c:/users/user/downloads/imt_sdk_win_64/winavr/bin/../lib/gcc/avr/4.3.3/avr5\libgcc.a(_exit.o)
 .text.libgcc   0x00000ca6        0x0 c:/users/user/downloads/imt_sdk_win_64/winavr/bin/../lib/gcc/avr/4.3.3/avr5\libgcc.a(_clear_bss.o)
                0x00000ca6                . = ALIGN (0x2)
 *(.fini9)
 .fini9         0x00000ca6        0x0 c:/users/user/downloads/imt_sdk_win_64/winavr/bin/../lib/gcc/avr/4.3.3/avr5\libgcc.a(_exit.o)
                0x00000ca6                exit
                0x00000ca6                _exit
 *(.fini9)
 *(.fini8)
 *(.fini8)
 *(.fini7)
 *(.fini7)
 *(.fini6)
 *(.fini6)
 *(.fini5)
 *(.fini5)
 *(.fini4)
 *(.fini4)
 *(.fini3)
 *(.fini3)
 *(.fini2)
 *(.fini2)
 *(.fini1)
 *(.fini1)
 *(.fini0)
 .fini0         0x00000ca6        0x4 c:/users/user/downloads/imt_sdk_win_64/winavr/bin/../lib/gcc/avr/4.3.3/avr5\libgcc.a(_exit.o)
 *(.fini0)
                0x00000caa                _etext = .

.data           0x00800060        0x0 load address 0x00000caa
                0x00800060                PROVIDE (__data_start, .)
 *(.data)
 .data          0x00800060        0x0 c:/users/user/downloads/imt_sdk_win_64/winavr/bin/../lib/gcc/avr/4.3.3/../../../../avr/lib/avr5/crtm32.o
 .data          0x00800060        0x0 ./MCAL/DIO_prog.o
 .data          0x00800060        0x0 ./main.o
 .data          0x00800060        0x0 ./timer_prog.o
 .data          0x00800060        0x0 c:/users/user/downloads/imt_sdk_win_64/winavr/bin/../lib/gcc/avr/4.3.3/avr5\libgcc.a(_exit.o)
 .data          0x00800060        0x0 c:/users/user/downloads/imt_sdk_win_64/winavr/bin/../lib/gcc/avr/4.3.3/avr5\libgcc.a(_clear_bss.o)
 *(.data*)
 *(.rodata)
 *(.rodata*)
 *(.gnu.linkonce.d*)
                0x00800060                . = ALIGN (0x2)
                0x00800060                _edata = .
                0x00800060                PROVIDE (__data_end, .)

.bss            0x00800060        0x5
                0x00800060                PROVIDE (__bss_start, .)
 *(.bss)
 .bss           0x00800060        0x0 c:/users/user/downloads/imt_sdk_win_64/winavr/bin/../lib/gcc/avr/4.3.3/../../../../avr/lib/avr5/crtm32.o
 .bss           0x00800060        0x0 ./MCAL/DIO_prog.o
 .bss           0x00800060        0x0 ./main.o
 .bss           0x00800060        0x0 ./timer_prog.o
 .bss           0x00800060        0x0 c:/users/user/downloads/imt_sdk_win_64/winavr/bin/../lib/gcc/avr/4.3.3/avr5\libgcc.a(_exit.o)
 .bss           0x00800060        0x0 c:/users/user/downloads/imt_sdk_win_64/winavr/bin/../lib/gcc/avr/4.3.3/avr5\libgcc.a(_clear_bss.o)
 *(.bss*)
 *(COMMON)
 COMMON         0x00800060        0x5 ./timer_prog.o
                0x00800060                call_back_compare
                0x00800062                call_back_OV_F
                0x00800064                counter
                0x00800065                PROVIDE (__bss_end, .)
                0x00000caa                __data_load_start = LOADADDR (.data)
                0x00000caa                __data_load_end = (__data_load_start + SIZEOF (.data))

.noinit         0x00800065        0x0
                0x00800065                PROVIDE (__noinit_start, .)
 *(.noinit*)
                0x00800065                PROVIDE (__noinit_end, .)
                0x00800065                _end = .
                0x00800065                PROVIDE (__heap_start, .)

.eeprom         0x00810000        0x0
 *(.eeprom*)
                0x00810000                __eeprom_end = .

.fuse
 *(.fuse)
 *(.lfuse)
 *(.hfuse)
 *(.efuse)

.lock
 *(.lock*)

.signature
 *(.signature*)

.stab           0x00000000     0x1398
 *(.stab)
 .stab          0x00000000      0x9d8 ./MCAL/DIO_prog.o
 .stab          0x000009d8      0x33c ./main.o
                                0x348 (size before relaxing)
 .stab          0x00000d14      0x684 ./timer_prog.o
                                0x7d4 (size before relaxing)

.stabstr        0x00000000      0xaba
 *(.stabstr)
 .stabstr       0x00000000      0xaba ./MCAL/DIO_prog.o

.stab.excl
 *(.stab.excl)

.stab.exclstr
 *(.stab.exclstr)

.stab.index
 *(.stab.index)

.stab.indexstr
 *(.stab.indexstr)

.comment
 *(.comment)

.debug
 *(.debug)

.line
 *(.line)

.debug_srcinfo
 *(.debug_srcinfo)

.debug_sfnames
 *(.debug_sfnames)

.debug_aranges
 *(.debug_aranges)

.debug_pubnames
 *(.debug_pubnames)

.debug_info
 *(.debug_info)
 *(.gnu.linkonce.wi.*)

.debug_abbrev
 *(.debug_abbrev)

.debug_line
 *(.debug_line)

.debug_frame
 *(.debug_frame)

.debug_str
 *(.debug_str)

.debug_loc
 *(.debug_loc)

.debug_macinfo
 *(.debug_macinfo)
OUTPUT(Timer.elf elf32-avr)
LOAD linker stubs
